To run a command as administrator (user "root"), use "sudo <command>".
See "man sudo_root" for details.

$ sudo apt install openssh-server --yes ;
[sudo] password for devops:

Reading package lists... Done
Building dependency tree... Done
Reading state information... Done
The following packages were automatically installed and are no longer required:
  libflashrom1 libftdi1-2
Use 'sudo apt autoremove' to remove them.
The following additional packages will be installed:
  ncurses-term openssh-sftp-server ssh-import-id
Suggested packages:
  molly-guard monkeysphere ssh-askpass
The following NEW packages will be installed:
  ncurses-term openssh-server openssh-sftp-server ssh-import-id
0 upgraded, 4 newly installed, 0 to remove and 0 not upgraded.
Need to get 751 kB of archives.
After this operation, 6,046 kB of additional disk space will be used.
Get:1 http://us.archive.ubuntu.com/ubuntu jammy/main amd64 openssh-sftp-server amd64 1:8.9p1-3 [38.8 kB]
Get:2 http://us.archive.ubuntu.com/ubuntu jammy/main amd64 openssh-server amd64 1:8.9p1-3 [434 kB]
Get:3 http://us.archive.ubuntu.com/ubuntu jammy/main amd64 ncurses-term all 6.3-2 [267 kB]
Get:4 http://us.archive.ubuntu.com/ubuntu jammy/main amd64 ssh-import-id all 5.11-0ubuntu1 [10.1 kB]
Fetched 751 kB in 2s (317 kB/s)
Preconfiguring packages ...
Selecting previously unselected package openssh-sftp-server.
(Reading database ... 201744 files and directories currently installed.)
Preparing to unpack .../openssh-sftp-server_1%3a8.9p1-3_amd64.deb ...
Unpacking openssh-sftp-server (1:8.9p1-3) ...
Selecting previously unselected package openssh-server.
Preparing to unpack .../openssh-server_1%3a8.9p1-3_amd64.deb ...
Unpacking openssh-server (1:8.9p1-3) ...
Selecting previously unselected package ncurses-term.
Preparing to unpack .../ncurses-term_6.3-2_all.deb ...
Unpacking ncurses-term (6.3-2) ...
Selecting previously unselected package ssh-import-id.
Preparing to unpack .../ssh-import-id_5.11-0ubuntu1_all.deb ...
Unpacking ssh-import-id (5.11-0ubuntu1) ...
Setting up openssh-sftp-server (1:8.9p1-3) ...
Setting up openssh-server (1:8.9p1-3) ...
Creating config file /etc/ssh/sshd_config with new version
Creating SSH2 RSA key; this may take some time ...
3072 SHA256:Hu9Kwjwa+cbNTZ2cY/xacxXAMey8GsUkLLb3YoFgG6I root@devops-console (RSA)
Creating SSH2 ECDSA key; this may take some time ...
256 SHA256:OMVm9lwE4aQ1T9aasujwpMr7ym2fICBS7jr2QtOB9lw root@devops-console (ECDSA)
Creating SSH2 ED25519 key; this may take some time ...
256 SHA256:KwEp7UJX2BvQ544gkcDN26GAb+lZBDrQFKApOrFvnGo root@devops-console (ED25519)
Created symlink /etc/systemd/system/sshd.service → /lib/systemd/system/ssh.service.
Created symlink /etc/systemd/system/multi-user.target.wants/ssh.service → /lib/systemd/system/ssh.service.
rescue-ssh.target is a disabled or a static unit, not starting it.
ssh.socket is a disabled or a static unit, not starting it.
Setting up ssh-import-id (5.11-0ubuntu1) ...
Setting up ncurses-term (6.3-2) ...
Processing triggers for man-db (2.10.2-1) ...
Processing triggers for ufw (0.36.1-4build1) ...

$ sudo systemctl enable ssh ;

Synchronizing state of ssh.service with SysV service script with /lib/systemd/systemd-sysv-install.
Executing: /lib/systemd/systemd-sysv-install enable ssh

$ sudo systemctl status ssh 2>/dev/null;

● ssh.service - OpenBSD Secure Shell server
     Loaded: loaded (/lib/systemd/system/ssh.service; enabled; vendor preset: enabled)
     Active: active (running) since Mon 2023-01-02 20:29:12 MST; 1min 23s ago
       Docs: man:sshd(8)
             man:sshd_config(5)
   Main PID: 3016 (sshd)
      Tasks: 1 (limit: 4625)
     Memory: 1.7M
        CPU: 17ms
     CGroup: /system.slice/ssh.service
             └─3016 "sshd: /usr/sbin/sshd -D [listener] 0 of 10-100 startups"

Jan 02 20:29:12 devops-console systemd[1]: Starting OpenBSD Secure Shell server...
Jan 02 20:29:12 devops-console sshd[3016]: Server listening on 0.0.0.0 port 22.
Jan 02 20:29:12 devops-console sshd[3016]: Server listening on :: port 22.
Jan 02 20:29:12 devops-console systemd[1]: Started OpenBSD Secure Shell server.

$ sudo apt install sshpass --yes ;

Reading package lists... Done
Building dependency tree... Done
Reading state information... Done
The following packages were automatically installed and are no longer required:
  libflashrom1 libftdi1-2
Use 'sudo apt autoremove' to remove them.
The following NEW packages will be installed:
  sshpass
0 upgraded, 1 newly installed, 0 to remove and 0 not upgraded.
Need to get 11.7 kB of archives.
After this operation, 35.8 kB of additional disk space will be used.
Get:1 http://us.archive.ubuntu.com/ubuntu jammy/universe amd64 sshpass amd64 1.09-1 [11.7 kB]
Fetched 11.7 kB in 1s (17.0 kB/s)
Selecting previously unselected package sshpass.
(Reading database ... 204620 files and directories currently installed.)
Preparing to unpack .../sshpass_1.09-1_amd64.deb ...
Unpacking sshpass (1.09-1) ...
Setting up sshpass (1.09-1) ...
Processing triggers for man-db (2.10.2-1) ...

$ ssh-keygen -t rsa -b 4096 -C devops-console -f ~/.ssh/id_rsa -N '' <<<y ;

Generating public/private rsa key pair.
Created directory '/home/devops/.ssh'.
Your identification has been saved in /home/devops/.ssh/id_rsa
Your public key has been saved in /home/devops/.ssh/id_rsa.pub
The key fingerprint is:
SHA256:NwW20/D1O7yKLIruvMK6Q0cwNEsA/2I+O1j4oDnsr7A devops-console
The key's randomart image is:
+---[RSA 4096]----+
|*+        +   .  |
|.+o      . * . . |
| .+       o +   .|
|   o       o  . .|
| .+ .   S o    + |
|o+.o     . .    o|
|=*=            . |
|*+o=. .  .. . .  |
|E*Bo+*... .o .   |
+----[SHA256]-----+

$ echo -e 'devops' | sshpass ssh-copy-id -o StrictHostKeyChecking=no localhost ;

/usr/bin/ssh-copy-id: INFO: attempting to log in with the new key(s), to filter out any that are already installed
/usr/bin/ssh-copy-id: INFO: 1 key(s) remain to be installed -- if you are prompted now it is to install the new keys

Number of key(s) added: 1

Now try logging into the machine, with:   "ssh -o 'StrictHostKeyChecking=no' 'localhost'"
and check to make sure that only the key(s) you wanted were added.

$ ssh localhost ;

Welcome to Ubuntu 22.04.1 LTS (GNU/Linux 5.15.0-56-generic x86_64)

 * Documentation:  https://help.ubuntu.com
 * Management:     https://landscape.canonical.com
 * Support:        https://ubuntu.com/advantage

0 updates can be applied immediately.

$ exit ;

logout
Connection to localhost closed.

$ rm -rfv ~/.ssh/ssh-copy-id* ;

$ sudo apt remove sshpass --yes ;

Reading package lists... Done
Building dependency tree... Done
Reading state information... Done
The following packages were automatically installed and are no longer required:
  libflashrom1 libftdi1-2
Use 'sudo apt autoremove' to remove them.
The following packages will be REMOVED:
  sshpass
0 upgraded, 0 newly installed, 1 to remove and 0 not upgraded.
After this operation, 35.8 kB disk space will be freed.
(Reading database ... 204625 files and directories currently installed.)
Removing sshpass (1.09-1) ...
Processing triggers for man-db (2.10.2-1) ...

$ sudo apt autoremove --yes ;

Reading package lists... Done
Building dependency tree... Done
Reading state information... Done
The following packages will be REMOVED:
  libflashrom1 libftdi1-2
0 upgraded, 0 newly installed, 2 to remove and 0 not upgraded.
After this operation, 973 kB disk space will be freed.
(Reading database ... 204620 files and directories currently installed.)
Removing libflashrom1:amd64 (1.2-5build1) ...
Removing libftdi1-2:amd64 (1.5-5build3) ...
Processing triggers for libc-bin (2.35-0ubuntu3.1) ...

$ sudo apt install net-tools --yes ;

Reading package lists... Done
Building dependency tree... Done
Reading state information... Done
The following NEW packages will be installed:
  net-tools
0 upgraded, 1 newly installed, 0 to remove and 0 not upgraded.
Need to get 204 kB of archives.
After this operation, 819 kB of additional disk space will be used.
Get:1 http://us.archive.ubuntu.com/ubuntu jammy/main amd64 net-tools amd64 1.60+git20181103.0eebece-1ubuntu5 [204 kB]
Fetched 204 kB in 1s (220 kB/s)
Selecting previously unselected package net-tools.
(Reading database ... 204610 files and directories currently installed.)
Preparing to unpack .../net-tools_1.60+git20181103.0eebece-1ubuntu5_amd64.deb ...
Unpacking net-tools (1.60+git20181103.0eebece-1ubuntu5) ...
Setting up net-tools (1.60+git20181103.0eebece-1ubuntu5) ...
Processing triggers for man-db (2.10.2-1) ...

$ sudo apt install vim ;

Reading package lists...
Building dependency tree...
Reading state information...
The following additional packages will be installed:
  vim-runtime
Suggested packages:
  ctags vim-doc vim-scripts
The following NEW packages will be installed:
  vim vim-runtime
0 upgraded, 2 newly installed, 0 to remove and 0 not upgraded.
Need to get 8,560 kB of archives.
After this operation, 37.6 MB of additional disk space will be used.
Do you want to continue? [Y/n] y
Get:1 http://us.archive.ubuntu.com/ubuntu jammy-updates/main amd64 vim-runtime all 2:8.2.3995-1ubuntu2.1 [6,832 kB]
Get:2 http://us.archive.ubuntu.com/ubuntu jammy-updates/main amd64 vim amd64 2:8.2.3995-1ubuntu2.1 [1,727 kB]
Fetched 8,560 kB in 2s (3,488 kB/s)
Selecting previously unselected package vim-runtime.
(Reading database ... 205777 files and directories currently installed.)
Preparing to unpack .../vim-runtime_2%3a8.2.3995-1ubuntu2.1_all.deb ...
Adding 'diversion of /usr/share/vim/vim82/doc/help.txt to /usr/share/vim/vim82/doc/help.txt.vim-tiny by vim-runtime'
Adding 'diversion of /usr/share/vim/vim82/doc/tags to /usr/share/vim/vim82/doc/tags.vim-tiny by vim-runtime'
Unpacking vim-runtime (2:8.2.3995-1ubuntu2.1) ...
Selecting previously unselected package vim.
Preparing to unpack .../vim_2%3a8.2.3995-1ubuntu2.1_amd64.deb ...
Unpacking vim (2:8.2.3995-1ubuntu2.1) ...
Setting up vim-runtime (2:8.2.3995-1ubuntu2.1) ...
Setting up vim (2:8.2.3995-1ubuntu2.1) ...
update-alternatives: using /usr/bin/vim.basic to provide /usr/bin/vim (vim) in auto mode
update-alternatives: using /usr/bin/vim.basic to provide /usr/bin/vimdiff (vimdiff) in auto mode
update-alternatives: using /usr/bin/vim.basic to provide /usr/bin/rvim (rvim) in auto mode
update-alternatives: using /usr/bin/vim.basic to provide /usr/bin/rview (rview) in auto mode
update-alternatives: using /usr/bin/vim.basic to provide /usr/bin/vi (vi) in auto mode
update-alternatives: using /usr/bin/vim.basic to provide /usr/bin/view (view) in auto mode
update-alternatives: using /usr/bin/vim.basic to provide /usr/bin/ex (ex) in auto mode
Processing triggers for man-db (2.10.2-1) ...

$ sudo apt install python-is-python3 --yes ;

Reading package lists... Done
Building dependency tree... Done
Reading state information... Done
The following NEW packages will be installed:
  python-is-python3
0 upgraded, 1 newly installed, 0 to remove and 0 not upgraded.
Need to get 2,788 B of archives.
After this operation, 13.3 kB of additional disk space will be used.
Get:1 http://us.archive.ubuntu.com/ubuntu jammy/main amd64 python-is-python3 all 3.9.2-2 [2,788 B]
Fetched 2,788 B in 0s (5,700 B/s)
Selecting previously unselected package python-is-python3.
(Reading database ... 207718 files and directories currently installed.)
Preparing to unpack .../python-is-python3_3.9.2-2_all.deb ...
Unpacking python-is-python3 (3.9.2-2) ...
Setting up python-is-python3 (3.9.2-2) ...
Processing triggers for man-db (2.10.2-1) ...

$ sudo apt install jq --yes ;

Reading package lists... Done
Building dependency tree... Done
Reading state information... Done
The following additional packages will be installed:
  libjq1 libonig5
The following NEW packages will be installed:
  jq libjq1 libonig5
0 upgraded, 3 newly installed, 0 to remove and 0 not upgraded.
Need to get 357 kB of archives.
After this operation, 1,087 kB of additional disk space will be used.
Get:1 http://us.archive.ubuntu.com/ubuntu jammy/main amd64 libonig5 amd64 6.9.7.1-2build1 [172 kB]
Get:2 http://us.archive.ubuntu.com/ubuntu jammy/main amd64 libjq1 amd64 1.6-2.1ubuntu3 [133 kB]
Get:3 http://us.archive.ubuntu.com/ubuntu jammy/main amd64 jq amd64 1.6-2.1ubuntu3 [52.5 kB]
Fetched 357 kB in 2s (235 kB/s)
Selecting previously unselected package libonig5:amd64.
(Reading database ... 204659 files and directories currently installed.)
Preparing to unpack .../libonig5_6.9.7.1-2build1_amd64.deb ...
Unpacking libonig5:amd64 (6.9.7.1-2build1) ...
Selecting previously unselected package libjq1:amd64.
Preparing to unpack .../libjq1_1.6-2.1ubuntu3_amd64.deb ...
Unpacking libjq1:amd64 (1.6-2.1ubuntu3) ...
Selecting previously unselected package jq.
Preparing to unpack .../jq_1.6-2.1ubuntu3_amd64.deb ...
Unpacking jq (1.6-2.1ubuntu3) ...
Setting up libonig5:amd64 (6.9.7.1-2build1) ...
Setting up libjq1:amd64 (1.6-2.1ubuntu3) ...
Setting up jq (1.6-2.1ubuntu3) ...
Processing triggers for man-db (2.10.2-1) ...
Processing triggers for libc-bin (2.35-0ubuntu3.1) ...

$ sudo apt install git --yes ;

Reading package lists... Done
Building dependency tree... Done
Reading state information... Done
The following additional packages will be installed:
  git-man liberror-perl
Suggested packages:
  git-daemon-run | git-daemon-sysvinit git-doc git-email git-gui gitk gitweb git-cvs git-mediawiki git-svn
The following NEW packages will be installed:
  git git-man liberror-perl
0 upgraded, 3 newly installed, 0 to remove and 0 not upgraded.
Need to get 4,112 kB of archives.
After this operation, 20.9 MB of additional disk space will be used.
Get:1 http://us.archive.ubuntu.com/ubuntu jammy/main amd64 liberror-perl all 0.17029-1 [26.5 kB]
Get:2 http://us.archive.ubuntu.com/ubuntu jammy-updates/main amd64 git-man all 1:2.34.1-1ubuntu1.5 [953 kB]
Get:3 http://us.archive.ubuntu.com/ubuntu jammy-updates/main amd64 git amd64 1:2.34.1-1ubuntu1.5 [3,132 kB]
Fetched 4,112 kB in 3s (1,550 kB/s)
Selecting previously unselected package liberror-perl.
(Reading database ... 204676 files and directories currently installed.)
Preparing to unpack .../liberror-perl_0.17029-1_all.deb ...
Unpacking liberror-perl (0.17029-1) ...
Selecting previously unselected package git-man.
Preparing to unpack .../git-man_1%3a2.34.1-1ubuntu1.5_all.deb ...
Unpacking git-man (1:2.34.1-1ubuntu1.5) ...
Selecting previously unselected package git.
Preparing to unpack .../git_1%3a2.34.1-1ubuntu1.5_amd64.deb ...
Unpacking git (1:2.34.1-1ubuntu1.5) ...
Setting up liberror-perl (0.17029-1) ...
Setting up git-man (1:2.34.1-1ubuntu1.5) ...
Setting up git (1:2.34.1-1ubuntu1.5) ...
Processing triggers for man-db (2.10.2-1) ...

$ sudo apt install gh --yes ;

Reading package lists... Done
Building dependency tree... Done
Reading state information... Done
The following NEW packages will be installed:
  gh
0 upgraded, 1 newly installed, 0 to remove and 0 not upgraded.
Need to get 6,242 kB of archives.
After this operation, 33.7 MB of additional disk space will be used.
Get:1 http://us.archive.ubuntu.com/ubuntu jammy/universe amd64 gh amd64 2.4.0+dfsg1-2 [6,242 kB]
Fetched 6,242 kB in 1s (4,314 kB/s)
Selecting previously unselected package gh.
(Reading database ... 205661 files and directories currently installed.)
Preparing to unpack .../gh_2.4.0+dfsg1-2_amd64.deb ...
Unpacking gh (2.4.0+dfsg1-2) ...
Setting up gh (2.4.0+dfsg1-2) ...
Processing triggers for man-db (2.10.2-1) ...
